HMC5883L.c:6:8:HMC5883L_readRaw	16	static
HMC5883L.c:15:8:HMC5883L_readNormalize	24	static
HMC5883L.c:24:6:HMC5883L_setOffset	16	static
HMC5883L.c:30:6:HMC5883L_setRange	16	static
HMC5883L.c:73:18:HMC5883L_getRange	8	static
HMC5883L.c:78:6:HMC5883L_setMeasurementMode	24	static
HMC5883L.c:89:17:HMC5883L_getMeasurementMode	16	static
HMC5883L.c:99:6:HMC5883L_setDataRate	24	static
HMC5883L.c:110:21:HMC5883L_getDataRate	16	static
HMC5883L.c:121:6:HMC5883L_setSamples	24	static
HMC5883L.c:132:20:HMC5883L_getSamples	16	static
HMC5883L.c:144:6:HMC5883L_writeRegister8	32	static
HMC5883L.c:150:9:HMC5883L_fastRegister8	40	static
HMC5883L.c:159:9:HMC5883L_readRegister8	40	static
HMC5883L.c:167:9:HMC5883L_readRegister16	40	static
