main.c:84:5:main	16	static
main.c:139:6:SystemClock_Config	72	static
main.c:180:13:MX_I2C1_Init	8	static
main.c:214:13:MX_USART1_UART_Init	8	static
main.c:247:13:MX_GPIO_Init	24	static
main.c:258:6:MPU6050_Init	32	static
main.c:282:6:MPU6050_Read_Accel	40	static
main.c:295:6:MPU6050_Read_Gyro	40	static
main.c:310:6:MPU6050_Accel_Angle	24	static
main.c:326:6:MPU6050_Gyro_Angle	16	static
main.c:339:5:__io_putchar	24	static
main.c:348:6:HAL_SYSTICK_Callback	4	static
main.c:352:10:millis	4	static
main.c:359:6:Error_Handler	4	static
